This is XeTeX, Version 3.141592653-2.6-0.999998 (MiKTeX 26.2) (preloaded format=xelatex.fmt)
 restricted \write18 enabled.
entering extended mode
(rapport.tex
LaTeX2e <2025-11-01>
L3 programming layer <2026-01-19>
(C:\Users\Unk\AppData\Local\Programs\MiKTeX\tex/latex/base\report.cls
Document Class: report 2025/01/22 v1.4n Standard LaTeX document class
(C:\Users\Unk\AppData\Local\Programs\MiKTeX\tex/latex/base\size12.clo))
(C:\Users\Unk\AppData\Local\Programs\MiKTeX\tex/latex/fontspec\fontspec.sty
(C:\Users\Unk\AppData\Local\Programs\MiKTeX\tex/latex/l3packages/xparse\xparse.
sty (C:\Users\Unk\AppData\Local\Programs\MiKTeX\tex/latex/l3kernel\expl3.sty
(C:\Users\Unk\AppData\Local\Programs\MiKTeX\tex/latex/l3backend\l3backend-xetex
.def)))
(C:\Users\Unk\AppData\Local\Programs\MiKTeX\tex/latex/fontspec\fontspec-xetex.s
ty (C:\Users\Unk\AppData\Local\Programs\MiKTeX\tex/latex/base\fontenc.sty)
(C:\Users\Unk\AppData\Local\Programs\MiKTeX\tex/latex/fontspec\fontspec.cfg)))
(C:\Users\Unk\AppData\Local\Programs\MiKTeX\tex/latex/polyglossia\polyglossia.s
ty (C:\Users\Unk\AppData\Local\Programs\MiKTeX\tex/latex/etoolbox\etoolbox.sty)
 (C:\Users\Unk\AppData\Local\Programs\MiKTeX\tex/generic/iftex\iftex.sty)
(C:\Users\Unk\AppData\Local\Programs\MiKTeX\tex/latex/polyglossia\gloss-latex.l
df))
(C:\Users\Unk\AppData\Local\Programs\MiKTeX\tex/latex/geometry\geometry.sty
(C:\Users\Unk\AppData\Local\Programs\MiKTeX\tex/latex/graphics\keyval.sty)
(C:\Users\Unk\AppData\Local\Programs\MiKTeX\tex/generic/iftex\ifvtex.sty)
(C:\Users\Unk\AppData\Local\Programs\MiKTeX\tex/latex/geometry\geometry.cfg))
(C:\Users\Unk\AppData\Local\Programs\MiKTeX\tex/latex/graphics\graphicx.sty
(C:\Users\Unk\AppData\Local\Programs\MiKTeX\tex/latex/graphics\graphics.sty
(C:\Users\Unk\AppData\Local\Programs\MiKTeX\tex/latex/graphics\trig.sty)
(C:\Users\Unk\AppData\Local\Programs\MiKTeX\tex/latex/graphics-cfg\graphics.cfg
) (C:\Users\Unk\AppData\Local\Programs\MiKTeX\tex/latex/graphics-def\xetex.def)
)) (C:\Users\Unk\AppData\Local\Programs\MiKTeX\tex/latex/fancyhdr\fancyhdr.sty)
 (C:\Users\Unk\AppData\Local\Programs\MiKTeX\tex/latex/xcolor\xcolor.sty
(C:\Users\Unk\AppData\Local\Programs\MiKTeX\tex/latex/graphics-cfg\color.cfg)
(C:\Users\Unk\AppData\Local\Programs\MiKTeX\tex/latex/graphics\mathcolor.ltx))
(C:\Users\Unk\AppData\Local\Programs\MiKTeX\tex/latex/pgf/frontendlayer\tikz.st
y (C:\Users\Unk\AppData\Local\Programs\MiKTeX\tex/latex/pgf/basiclayer\pgf.sty
(C:\Users\Unk\AppData\Local\Programs\MiKTeX\tex/latex/pgf/utilities\pgfrcs.sty
(C:\Users\Unk\AppData\Local\Programs\MiKTeX\tex/generic/pgf/utilities\pgfutil-c
ommon.tex)
(C:\Users\Unk\AppData\Local\Programs\MiKTeX\tex/generic/pgf/utilities\pgfutil-l
atex.def)
(C:\Users\Unk\AppData\Local\Programs\MiKTeX\tex/generic/pgf/utilities\pgfrcs.co
de.tex
(C:\Users\Unk\AppData\Local\Programs\MiKTeX\tex/generic/pgf\pgf.revision.tex)))

(C:\Users\Unk\AppData\Local\Programs\MiKTeX\tex/latex/pgf/basiclayer\pgfcore.st
y
(C:\Users\Unk\AppData\Local\Programs\MiKTeX\tex/latex/pgf/systemlayer\pgfsys.st
y
(C:\Users\Unk\AppData\Local\Programs\MiKTeX\tex/generic/pgf/systemlayer\pgfsys.
code.tex
(C:\Users\Unk\AppData\Local\Programs\MiKTeX\tex/generic/pgf/utilities\pgfkeys.c
ode.tex
(C:\Users\Unk\AppData\Local\Programs\MiKTeX\tex/generic/pgf/utilities\pgfkeysli
braryfiltered.code.tex))
(C:\Users\Unk\AppData\Local\Programs\MiKTeX\tex/generic/pgf/systemlayer\pgf.cfg
)
(C:\Users\Unk\AppData\Local\Programs\MiKTeX\tex/generic/pgf/systemlayer\pgfsys-
xetex.def
(C:\Users\Unk\AppData\Local\Programs\MiKTeX\tex/generic/pgf/systemlayer\pgfsys-
dvipdfmx.def
(C:\Users\Unk\AppData\Local\Programs\MiKTeX\tex/generic/pgf/systemlayer\pgfsys-
common-pdf.def))))
(C:\Users\Unk\AppData\Local\Programs\MiKTeX\tex/generic/pgf/systemlayer\pgfsyss
oftpath.code.tex)
(C:\Users\Unk\AppData\Local\Programs\MiKTeX\tex/generic/pgf/systemlayer\pgfsysp
rotocol.code.tex))
(C:\Users\Unk\AppData\Local\Programs\MiKTeX\tex/generic/pgf/basiclayer\pgfcore.
code.tex
(C:\Users\Unk\AppData\Local\Programs\MiKTeX\tex/generic/pgf/math\pgfmath.code.t
ex
(C:\Users\Unk\AppData\Local\Programs\MiKTeX\tex/generic/pgf/math\pgfmathutil.co
de.tex)
(C:\Users\Unk\AppData\Local\Programs\MiKTeX\tex/generic/pgf/math\pgfmathparser.
code.tex)
(C:\Users\Unk\AppData\Local\Programs\MiKTeX\tex/generic/pgf/math\pgfmathfunctio
ns.code.tex)
(C:\Users\Unk\AppData\Local\Programs\MiKTeX\tex/generic/pgf/math\pgfmathfunctio
ns.basic.code.tex)
(C:\Users\Unk\AppData\Local\Programs\MiKTeX\tex/generic/pgf/math\pgfmathfunctio
ns.trigonometric.code.tex)
(C:\Users\Unk\AppData\Local\Programs\MiKTeX\tex/generic/pgf/math\pgfmathfunctio
ns.random.code.tex)
(C:\Users\Unk\AppData\Local\Programs\MiKTeX\tex/generic/pgf/math\pgfmathfunctio
ns.comparison.code.tex)
(C:\Users\Unk\AppData\Local\Programs\MiKTeX\tex/generic/pgf/math\pgfmathfunctio
ns.base.code.tex)
(C:\Users\Unk\AppData\Local\Programs\MiKTeX\tex/generic/pgf/math\pgfmathfunctio
ns.round.code.tex)
(C:\Users\Unk\AppData\Local\Programs\MiKTeX\tex/generic/pgf/math\pgfmathfunctio
ns.misc.code.tex)
(C:\Users\Unk\AppData\Local\Programs\MiKTeX\tex/generic/pgf/math\pgfmathfunctio
ns.integerarithmetics.code.tex)
(C:\Users\Unk\AppData\Local\Programs\MiKTeX\tex/generic/pgf/math\pgfmathcalc.co
de.tex)
(C:\Users\Unk\AppData\Local\Programs\MiKTeX\tex/generic/pgf/math\pgfmathfloat.c
ode.tex))
(C:\Users\Unk\AppData\Local\Programs\MiKTeX\tex/generic/pgf/math\pgfint.code.te
x)
(C:\Users\Unk\AppData\Local\Programs\MiKTeX\tex/generic/pgf/basiclayer\pgfcorep
oints.code.tex)
(C:\Users\Unk\AppData\Local\Programs\MiKTeX\tex/generic/pgf/basiclayer\pgfcorep
athconstruct.code.tex)
(C:\Users\Unk\AppData\Local\Programs\MiKTeX\tex/generic/pgf/basiclayer\pgfcorep
athusage.code.tex)
(C:\Users\Unk\AppData\Local\Programs\MiKTeX\tex/generic/pgf/basiclayer\pgfcores
copes.code.tex)
(C:\Users\Unk\AppData\Local\Programs\MiKTeX\tex/generic/pgf/basiclayer\pgfcoreg
raphicstate.code.tex)
(C:\Users\Unk\AppData\Local\Programs\MiKTeX\tex/generic/pgf/basiclayer\pgfcoret
ransformations.code.tex)
(C:\Users\Unk\AppData\Local\Programs\MiKTeX\tex/generic/pgf/basiclayer\pgfcoreq
uick.code.tex)
(C:\Users\Unk\AppData\Local\Programs\MiKTeX\tex/generic/pgf/basiclayer\pgfcoreo
bjects.code.tex)
(C:\Users\Unk\AppData\Local\Programs\MiKTeX\tex/generic/pgf/basiclayer\pgfcorep
athprocessing.code.tex)
(C:\Users\Unk\AppData\Local\Programs\MiKTeX\tex/generic/pgf/basiclayer\pgfcorea
rrows.code.tex)
(C:\Users\Unk\AppData\Local\Programs\MiKTeX\tex/generic/pgf/basiclayer\pgfcores
hade.code.tex)
(C:\Users\Unk\AppData\Local\Programs\MiKTeX\tex/generic/pgf/basiclayer\pgfcorei
mage.code.tex)
(C:\Users\Unk\AppData\Local\Programs\MiKTeX\tex/generic/pgf/basiclayer\pgfcoree
xternal.code.tex)
(C:\Users\Unk\AppData\Local\Programs\MiKTeX\tex/generic/pgf/basiclayer\pgfcorel
ayers.code.tex)
(C:\Users\Unk\AppData\Local\Programs\MiKTeX\tex/generic/pgf/basiclayer\pgfcoret
ransparency.code.tex)
(C:\Users\Unk\AppData\Local\Programs\MiKTeX\tex/generic/pgf/basiclayer\pgfcorep
atterns.code.tex)
(C:\Users\Unk\AppData\Local\Programs\MiKTeX\tex/generic/pgf/basiclayer\pgfcorer
df.code.tex)))
(C:\Users\Unk\AppData\Local\Programs\MiKTeX\tex/generic/pgf/modules\pgfmodulesh
apes.code.tex)
(C:\Users\Unk\AppData\Local\Programs\MiKTeX\tex/generic/pgf/modules\pgfmodulepl
ot.code.tex)
(C:\Users\Unk\AppData\Local\Programs\MiKTeX\tex/latex/pgf/compatibility\pgfcomp
-version-0-65.sty)
(C:\Users\Unk\AppData\Local\Programs\MiKTeX\tex/latex/pgf/compatibility\pgfcomp
-version-1-18.sty))
(C:\Users\Unk\AppData\Local\Programs\MiKTeX\tex/latex/pgf/utilities\pgffor.sty
(C:\Users\Unk\AppData\Local\Programs\MiKTeX\tex/latex/pgf/utilities\pgfkeys.sty

(C:\Users\Unk\AppData\Local\Programs\MiKTeX\tex/generic/pgf/utilities\pgfkeys.c
ode.tex))
(C:\Users\Unk\AppData\Local\Programs\MiKTeX\tex/latex/pgf/math\pgfmath.sty
(C:\Users\Unk\AppData\Local\Programs\MiKTeX\tex/generic/pgf/math\pgfmath.code.t
ex))
(C:\Users\Unk\AppData\Local\Programs\MiKTeX\tex/generic/pgf/utilities\pgffor.co
de.tex))
(C:\Users\Unk\AppData\Local\Programs\MiKTeX\tex/generic/pgf/frontendlayer/tikz\
tikz.code.tex
(C:\Users\Unk\AppData\Local\Programs\MiKTeX\tex/generic/pgf/libraries\pgflibrar
yplothandlers.code.tex)
(C:\Users\Unk\AppData\Local\Programs\MiKTeX\tex/generic/pgf/modules\pgfmodulema
trix.code.tex)
(C:\Users\Unk\AppData\Local\Programs\MiKTeX\tex/generic/pgf/frontendlayer/tikz/
libraries\tikzlibrarytopaths.code.tex)))
(C:\Users\Unk\AppData\Local\Programs\MiKTeX\tex/latex/setspace\setspace.sty)
(C:\Users\Unk\AppData\Local\Programs\MiKTeX\tex/latex/enumitem\enumitem.sty)
(C:\Users\Unk\AppData\Local\Programs\MiKTeX\tex/latex/hyperref\hyperref.sty
(C:\Users\Unk\AppData\Local\Programs\MiKTeX\tex/latex/kvsetkeys\kvsetkeys.sty)
(C:\Users\Unk\AppData\Local\Programs\MiKTeX\tex/generic/kvdefinekeys\kvdefineke
ys.sty)
(C:\Users\Unk\AppData\Local\Programs\MiKTeX\tex/generic/pdfescape\pdfescape.sty
(C:\Users\Unk\AppData\Local\Programs\MiKTeX\tex/generic/ltxcmds\ltxcmds.sty)
(C:\Users\Unk\AppData\Local\Programs\MiKTeX\tex/generic/pdftexcmds\pdftexcmds.s
ty
(C:\Users\Unk\AppData\Local\Programs\MiKTeX\tex/generic/infwarerr\infwarerr.sty
))) (C:\Users\Unk\AppData\Local\Programs\MiKTeX\tex/latex/hycolor\hycolor.sty)
(C:\Users\Unk\AppData\Local\Programs\MiKTeX\tex/latex/hyperref\nameref.sty
(C:\Users\Unk\AppData\Local\Programs\MiKTeX\tex/latex/refcount\refcount.sty)
(C:\Users\Unk\AppData\Local\Programs\MiKTeX\tex/generic/gettitlestring\gettitle
string.sty
(C:\Users\Unk\AppData\Local\Programs\MiKTeX\tex/latex/kvoptions\kvoptions.sty))
)
(C:\Users\Unk\AppData\Local\Programs\MiKTeX\tex/generic/stringenc\stringenc.sty
) (C:\Users\Unk\AppData\Local\Programs\MiKTeX\tex/latex/hyperref\pd1enc.def)
(C:\Users\Unk\AppData\Local\Programs\MiKTeX\tex/generic/intcalc\intcalc.sty)
(C:\Users\Unk\AppData\Local\Programs\MiKTeX\tex/latex/hyperref\puenc.def)
(C:\Users\Unk\AppData\Local\Programs\MiKTeX\tex/latex/url\url.sty)
(C:\Users\Unk\AppData\Local\Programs\MiKTeX\tex/generic/bitset\bitset.sty
(C:\Users\Unk\AppData\Local\Programs\MiKTeX\tex/generic/bigintcalc\bigintcalc.s
ty))) (C:\Users\Unk\AppData\Local\Programs\MiKTeX\tex/latex/hyperref\hxetex.def

(C:\Users\Unk\AppData\Local\Programs\MiKTeX\tex/latex/rerunfilecheck\rerunfilec
heck.sty
(C:\Users\Unk\AppData\Local\Programs\MiKTeX\tex/generic/uniquecounter\uniquecou
nter.sty)))
(C:\Users\Unk\AppData\Local\Programs\MiKTeX\tex/latex/tools\longtable.sty)
(C:\Users\Unk\AppData\Local\Programs\MiKTeX\tex/latex/tools\array.sty)
(C:\Users\Unk\AppData\Local\Programs\MiKTeX\tex/latex/colortbl\colortbl.sty)
(C:\Users\Unk\AppData\Local\Programs\MiKTeX\tex/latex/booktabs\booktabs.sty)
(C:\Users\Unk\AppData\Local\Programs\MiKTeX\tex/latex/multirow\multirow.sty)
(C:\Users\Unk\AppData\Local\Programs\MiKTeX\tex/latex/titlesec\titlesec.sty)
(C:\Users\Unk\AppData\Local\Programs\MiKTeX\tex/latex/polyglossia\gloss-french.
ldf)
(C:\Users\Unk\AppData\Local\Programs\MiKTeX\tex/latex/polyglossia\gloss-english
.ldf)
(C:\Users\Unk\AppData\Local\Programs\MiKTeX\tex/latex/polyglossia\gloss-arabic.
ldf (C:\Users\Unk\AppData\Local\Programs\MiKTeX\tex/latex/bidi\bidi.sty
****************************************************
* 
* bidi package (Bidirectional typesetting with
* plain TeX and LaTeX formats in XeTeX and LuaTeX engines)
* 
* Description: A convenient interface for
* typesetting bidirectional texts in plain TeX
* and LaTeX. The package includes adaptations
* for use with many other commonly-used packages.
* 
* Copyright (c) 2007--2026 Vafa Khalighi
* Copyright (c) 2018--2020 bidi-tex GitHub organization
* 
* v26.01.08 (Release Iran), 2026/01/08
* 
* License: LaTeX Project Public License, version
* 1.3c or higher (your choice)
* 
* Location on CTAN: /macros/unicodetex/generic/bidi
* 
* Issue tracker: https://github.com/xepersian/bidi/issues
* 
* Primary author of bidi package: Vafa Khalighi.
* 
****************************************************
(C:\Users\Unk\AppData\Local\Programs\MiKTeX\tex/latex/bidi\biditools.sty)
(C:\Users\Unk\AppData\Local\Programs\MiKTeX\tex/latex/zref\zref-abspage.sty
(C:\Users\Unk\AppData\Local\Programs\MiKTeX\tex/latex/zref\zref-base.sty
(C:\Users\Unk\AppData\Local\Programs\MiKTeX\tex/generic/etexcmds\etexcmds.sty)
(C:\Users\Unk\AppData\Local\Programs\MiKTeX\tex/latex/auxhook\auxhook.sty)))
(C:\Users\Unk\AppData\Local\Programs\MiKTeX\tex/latex/bidi\latex-xetex-bidi.def

(C:\Users\Unk\AppData\Local\Programs\MiKTeX\tex/latex/bidi\footnote-xetex-bidi.
def)
(C:\Users\Unk\AppData\Local\Programs\MiKTeX\tex/latex/bidi\report-xetex-bidi.de
f)
(C:\Users\Unk\AppData\Local\Programs\MiKTeX\tex/latex/bidi\array-xetex-bidi.def
)
(C:\Users\Unk\AppData\Local\Programs\MiKTeX\tex/latex/bidi\color-xetex-bidi.def
)
(C:\Users\Unk\AppData\Local\Programs\MiKTeX\tex/latex/bidi\colortbl-xetex-bidi.
def)
(C:\Users\Unk\AppData\Local\Programs\MiKTeX\tex/latex/bidi\fancyhdr-xetex-bidi.
def)
(C:\Users\Unk\AppData\Local\Programs\MiKTeX\tex/latex/bidi\geometry-xetex-bidi.
def)
(C:\Users\Unk\AppData\Local\Programs\MiKTeX\tex/latex/bidi\graphicx-xetex-bidi.
def)
(C:\Users\Unk\AppData\Local\Programs\MiKTeX\tex/latex/bidi\hyperref-xetex-bidi.
def)
(C:\Users\Unk\AppData\Local\Programs\MiKTeX\tex/latex/bidi\longtable-xetex-bidi
.def)
(C:\Users\Unk\AppData\Local\Programs\MiKTeX\tex/latex/bidi\pgfsys-xetex-bidi.de
f)
(C:\Users\Unk\AppData\Local\Programs\MiKTeX\tex/latex/bidi\titlesec-xetex-bidi.
def)
(C:\Users\Unk\AppData\Local\Programs\MiKTeX\tex/latex/bidi\xcolor-xetex-bidi.de
f)
(C:\Users\Unk\AppData\Local\Programs\MiKTeX\tex/latex/bidi\pgfcorescopes.code-x
etex-bidi.def)))
(C:\Users\Unk\AppData\Local\Programs\MiKTeX\tex/latex/polyglossia\arabicnumbers
.sty)
(C:\Users\Unk\AppData\Local\Programs\MiKTeX\tex/latex/polyglossia\hijrical.sty
(C:\Users\Unk\AppData\Local\Programs\MiKTeX\tex/latex/tools\calc.sty)
(C:\Users\Unk\AppData\Local\Programs\MiKTeX\tex/latex/polyglossia\cal-util.def)
)) (rapport.aux)
*geometry* driver: auto-detecting
*geometry* detected driver: xetex
(rapport.out) (rapport.out) [1] [1] [2] [3] [4] [5] [6] [7] (rapport.toc
[8] [9]) [10] (rapport.lof) [11] (rapport.lot) [12] [1] [2]

! Package xcolor Error: Undefined color `deepBlue'.

See the xcolor package documentation for explanation.
Type  H <return>  for immediate help.
 ...                                              
                                                  
l.425 ...eader{Chapitre 1}{Project Management App}
                                                  

! Package xcolor Error: Undefined color `tikz@color'.

See the xcolor package documentation for explanation.
Type  H <return>  for immediate help.
 ...                                              
                                                  
l.425 ...eader{Chapitre 1}{Project Management App}
                                                  

! Package xcolor Error: Undefined color `deepBlue'.

See the xcolor package documentation for explanation.
Type  H <return>  for immediate help.
 ...                                              
                                                  
l.425 ...eader{Chapitre 1}{Project Management App}
                                                  

! Package xcolor Error: Undefined color `deepBlue'.

See the xcolor package documentation for explanation.
Type  H <return>  for immediate help.
 ...                                              
                                                  
l.425 ...eader{Chapitre 1}{Project Management App}
                                                  

! Package xcolor Error: Undefined color `tikz@color'.

See the xcolor package documentation for explanation.
Type  H <return>  for immediate help.
 ...                                              
                                                  
l.425 ...eader{Chapitre 1}{Project Management App}
                                                  

! Package xcolor Error: Undefined color `deepBlue'.

See the xcolor package documentation for explanation.
Type  H <return>  for immediate help.
 ...                                              
                                                  
l.425 ...eader{Chapitre 1}{Project Management App}
                                                  

! Package xcolor Error: Undefined color `deepBlue'.

See the xcolor package documentation for explanation.
Type  H <return>  for immediate help.
 ...                                              
                                                  
l.425 ...eader{Chapitre 1}{Project Management App}
                                                  

! Package xcolor Error: Undefined color `deepBlue'.

See the xcolor package documentation for explanation.
Type  H <return>  for immediate help.
 ...                                              
                                                  
l.425 ...eader{Chapitre 1}{Project Management App}
                                                  
[3]
Chapitre 1.
[4] [5] [6] [7]

! Package xcolor Error: Undefined color `deepBlue'.

See the xcolor package documentation for explanation.
Type  H <return>  for immediate help.
 ...                                              
                                                  
l.513 ...chapterheader{Chapitre 2}{CV Builder App}
                                                  

! Package xcolor Error: Undefined color `tikz@color'.

See the xcolor package documentation for explanation.
Type  H <return>  for immediate help.
 ...                                              
                                                  
l.513 ...chapterheader{Chapitre 2}{CV Builder App}
                                                  

! Package xcolor Error: Undefined color `deepBlue'.

See the xcolor package documentation for explanation.
Type  H <return>  for immediate help.
 ...                                              
                                                  
l.513 ...chapterheader{Chapitre 2}{CV Builder App}
                                                  

! Package xcolor Error: Undefined color `deepBlue'.

See the xcolor package documentation for explanation.
Type  H <return>  for immediate help.
 ...                                              
                                                  
l.513 ...chapterheader{Chapitre 2}{CV Builder App}
                                                  

! Package xcolor Error: Undefined color `tikz@color'.

See the xcolor package documentation for explanation.
Type  H <return>  for immediate help.
 ...                                              
                                                  
l.513 ...chapterheader{Chapitre 2}{CV Builder App}
                                                  

! Package xcolor Error: Undefined color `deepBlue'.

See the xcolor package documentation for explanation.
Type  H <return>  for immediate help.
 ...                                              
                                                  
l.513 ...chapterheader{Chapitre 2}{CV Builder App}
                                                  

! Package xcolor Error: Undefined color `deepBlue'.

See the xcolor package documentation for explanation.
Type  H <return>  for immediate help.
 ...                                              
                                                  
l.513 ...chapterheader{Chapitre 2}{CV Builder App}
                                                  

! Package xcolor Error: Undefined color `deepBlue'.

See the xcolor package documentation for explanation.
Type  H <return>  for immediate help.
 ...                                              
                                                  
l.513 ...chapterheader{Chapitre 2}{CV Builder App}
                                                  
[8]
Chapitre 2.
[9] [10] [11] [12]

! Package xcolor Error: Undefined color `deepBlue'.

See the xcolor package documentation for explanation.
Type  H <return>  for immediate help.
 ...                                              
                                                  
l.601 ^^I^^I\chapterheader{Chapitre 3}{Algo App}
                                                

! Package xcolor Error: Undefined color `tikz@color'.

See the xcolor package documentation for explanation.
Type  H <return>  for immediate help.
 ...                                              
                                                  
l.601 ^^I^^I\chapterheader{Chapitre 3}{Algo App}
                                                

! Package xcolor Error: Undefined color `deepBlue'.

See the xcolor package documentation for explanation.
Type  H <return>  for immediate help.
 ...                                              
                                                  
l.601 ^^I^^I\chapterheader{Chapitre 3}{Algo App}
                                                

! Package xcolor Error: Undefined color `deepBlue'.

See the xcolor package documentation for explanation.
Type  H <return>  for immediate help.
 ...                                              
                                                  
l.601 ^^I^^I\chapterheader{Chapitre 3}{Algo App}
                                                

! Package xcolor Error: Undefined color `tikz@color'.

See the xcolor package documentation for explanation.
Type  H <return>  for immediate help.
 ...                                              
                                                  
l.601 ^^I^^I\chapterheader{Chapitre 3}{Algo App}
                                                

! Package xcolor Error: Undefined color `deepBlue'.

See the xcolor package documentation for explanation.
Type  H <return>  for immediate help.
 ...                                              
                                                  
l.601 ^^I^^I\chapterheader{Chapitre 3}{Algo App}
                                                

! Package xcolor Error: Undefined color `deepBlue'.

See the xcolor package documentation for explanation.
Type  H <return>  for immediate help.
 ...                                              
                                                  
l.601 ^^I^^I\chapterheader{Chapitre 3}{Algo App}
                                                

! Package xcolor Error: Undefined color `deepBlue'.

See the xcolor package documentation for explanation.
Type  H <return>  for immediate help.
 ...                                              
                                                  
l.601 ^^I^^I\chapterheader{Chapitre 3}{Algo App}
                                                
[13]
Chapitre 3.
[14] [15] [16]

! Package xcolor Error: Undefined color `deepBlue'.

See the xcolor package documentation for explanation.
Type  H <return>  for immediate help.
 ...                                              
                                                  
l.689 ...\chapterheader{Chapitre 4}{Entretien App}
                                                  

! Package xcolor Error: Undefined color `tikz@color'.

See the xcolor package documentation for explanation.
Type  H <return>  for immediate help.
 ...                                              
                                                  
l.689 ...\chapterheader{Chapitre 4}{Entretien App}
                                                  

! Package xcolor Error: Undefined color `deepBlue'.

See the xcolor package documentation for explanation.
Type  H <return>  for immediate help.
 ...                                              
                                                  
l.689 ...\chapterheader{Chapitre 4}{Entretien App}
                                                  

! Package xcolor Error: Undefined color `deepBlue'.

See the xcolor package documentation for explanation.
Type  H <return>  for immediate help.
 ...                                              
                                                  
l.689 ...\chapterheader{Chapitre 4}{Entretien App}
                                                  

! Package xcolor Error: Undefined color `tikz@color'.

See the xcolor package documentation for explanation.
Type  H <return>  for immediate help.
 ...                                              
                                                  
l.689 ...\chapterheader{Chapitre 4}{Entretien App}
                                                  

! Package xcolor Error: Undefined color `deepBlue'.

See the xcolor package documentation for explanation.
Type  H <return>  for immediate help.
 ...                                              
                                                  
l.689 ...\chapterheader{Chapitre 4}{Entretien App}
                                                  

! Package xcolor Error: Undefined color `deepBlue'.

See the xcolor package documentation for explanation.
Type  H <return>  for immediate help.
 ...                                              
                                                  
l.689 ...\chapterheader{Chapitre 4}{Entretien App}
                                                  

! Package xcolor Error: Undefined color `deepBlue'.

See the xcolor package documentation for explanation.
Type  H <return>  for immediate help.
 ...                                              
                                                  
l.689 ...\chapterheader{Chapitre 4}{Entretien App}
                                                  
[17]
Chapitre 4.
[18] [19] [20] [21] [22] [23] [24] [25] (rapport.aux) )
(see the transcript file for additional information)
Output written on rapport.pdf (38 pages).
Transcript written on rapport.log.
